
> mofresh@0.0.0 build
> tsc -b && vite build

src/components/dashboard/admin/Overview.tsx(7,3): error TS6133: 'BarChart' is declared but its value is never read.
src/components/dashboard/admin/Overview.tsx(7,13): error TS6133: 'Bar' is declared but its value is never read.
src/components/dashboard/admin/Overview.tsx(7,33): error TS6133: 'YAxis' is declared but its value is never read.
src/components/dashboard/admin/Overview.tsx(15,44): error TS2367: This comparison appears to be unintentional because the types '"OPERATIONAL" | "MAINTENANCE" | "DECOMMISSIONED"' and '"RENTED"' have no overlap.
src/components/MoFreshAssistant.tsx(1,8): error TS6133: 'React' is declared but its value is never read.
src/pages/AdminDashboardPage.tsx(1,1): error TS6133: 'React' is declared but its value is never read.
src/pages/BuyerDashboardPage.tsx(1,1): error TS6133: 'React' is declared but its value is never read.
src/pages/ManagerDashboardPage.tsx(1,1): error TS6133: 'React' is declared but its value is never read.
