
> mofresh@0.0.0 build
> tsc -b && vite build

src/components/ui/DashboardLayout.tsx(5,10): error TS2614: Module '"@/store/authSlice"' has no exported member 'logout'. Did you mean to use 'import logout from "@/store/authSlice"' instead?
src/types/api.types.ts(2,13): error TS1294: This syntax is not allowed when 'erasableSyntaxOnly' is enabled.
src/types/api.types.ts(9,13): error TS1294: This syntax is not allowed when 'erasableSyntaxOnly' is enabled.
src/types/api.types.ts(14,13): error TS1294: This syntax is not allowed when 'erasableSyntaxOnly' is enabled.
src/types/api.types.ts(20,13): error TS1294: This syntax is not allowed when 'erasableSyntaxOnly' is enabled.
src/types/api.types.ts(27,13): error TS1294: This syntax is not allowed when 'erasableSyntaxOnly' is enabled.
